Archive member included to satisfy reference by file (symbol)

c:/program files/microchip/xc8/v2.36/avr/bin/../lib/gcc/avr/5.4.0/../../../../avr/lib/avr5/memx-const\libm.a(acosf.o)
                              LIB/prayerTimes.o (acosf)
c:/program files/microchip/xc8/v2.36/avr/bin/../lib/gcc/avr/5.4.0/../../../../avr/lib/avr5/memx-const\libm.a(asinf.o)
                              LIB/prayerTimes.o (asinf)
c:/program files/microchip/xc8/v2.36/avr/bin/../lib/gcc/avr/5.4.0/../../../../avr/lib/avr5/memx-const\libm.a(atan2f.o)
                              LIB/prayerTimes.o (atan2f)
c:/program files/microchip/xc8/v2.36/avr/bin/../lib/gcc/avr/5.4.0/../../../../avr/lib/avr5/memx-const\libm.a(atanf.o)
                              LIB/prayerTimes.o (atanf)
c:/program files/microchip/xc8/v2.36/avr/bin/../lib/gcc/avr/5.4.0/../../../../avr/lib/avr5/memx-const\libm.a(addsf3.o)
                              LIB/prayerTimes.o (__subsf3)
c:/program files/microchip/xc8/v2.36/avr/bin/../lib/gcc/avr/5.4.0/../../../../avr/lib/avr5/memx-const\libm.a(addsf3x.o)
                              c:/program files/microchip/xc8/v2.36/avr/bin/../lib/gcc/avr/5.4.0/../../../../avr/lib/avr5/memx-const\libm.a(addsf3.o) (__addsf3x)
c:/program files/microchip/xc8/v2.36/avr/bin/../lib/gcc/avr/5.4.0/../../../../avr/lib/avr5/memx-const\libm.a(divsf3.o)
                              HAL/LM35/lm35_sensor.o (__divsf3)
c:/program files/microchip/xc8/v2.36/avr/bin/../lib/gcc/avr/5.4.0/../../../../avr/lib/avr5/memx-const\libm.a(divsf3x.o)
                              c:/program files/microchip/xc8/v2.36/avr/bin/../lib/gcc/avr/5.4.0/../../../../avr/lib/avr5/memx-const\libm.a(divsf3.o) (__divsf3x)
c:/program files/microchip/xc8/v2.36/avr/bin/../lib/gcc/avr/5.4.0/../../../../avr/lib/avr5/memx-const\libm.a(fixsfsi.o)
                              LIB/prayerTimes.o (__fixsfsi)
c:/program files/microchip/xc8/v2.36/avr/bin/../lib/gcc/avr/5.4.0/../../../../avr/lib/avr5/memx-const\libm.a(fixunssfsi.o)
                              HAL/LM35/lm35_sensor.o (__fixunssfsi)
c:/program files/microchip/xc8/v2.36/avr/bin/../lib/gcc/avr/5.4.0/../../../../avr/lib/avr5/memx-const\libm.a(floatsisf.o)
                              HAL/LM35/lm35_sensor.o (__floatunsisf)
c:/program files/microchip/xc8/v2.36/avr/bin/../lib/gcc/avr/5.4.0/../../../../avr/lib/avr5/memx-const\libm.a(fp_inf.o)
                              c:/program files/microchip/xc8/v2.36/avr/bin/../lib/gcc/avr/5.4.0/../../../../avr/lib/avr5/memx-const\libm.a(addsf3x.o) (__fp_inf)
c:/program files/microchip/xc8/v2.36/avr/bin/../lib/gcc/avr/5.4.0/../../../../avr/lib/avr5/memx-const\libm.a(fp_nan.o)
                              c:/program files/microchip/xc8/v2.36/avr/bin/../lib/gcc/avr/5.4.0/../../../../avr/lib/avr5/memx-const\libm.a(addsf3x.o) (__fp_nan)
c:/program files/microchip/xc8/v2.36/avr/bin/../lib/gcc/avr/5.4.0/../../../../avr/lib/avr5/memx-const\libm.a(fp_pscA.o)
                              c:/program files/microchip/xc8/v2.36/avr/bin/../lib/gcc/avr/5.4.0/../../../../avr/lib/avr5/memx-const\libm.a(addsf3x.o) (__fp_pscA)
c:/program files/microchip/xc8/v2.36/avr/bin/../lib/gcc/avr/5.4.0/../../../../avr/lib/avr5/memx-const\libm.a(fp_pscB.o)
                              c:/program files/microchip/xc8/v2.36/avr/bin/../lib/gcc/avr/5.4.0/../../../../avr/lib/avr5/memx-const\libm.a(addsf3x.o) (__fp_pscB)
c:/program files/microchip/xc8/v2.36/avr/bin/../lib/gcc/avr/5.4.0/../../../../avr/lib/avr5/memx-const\libm.a(fp_round.o)
                              c:/program files/microchip/xc8/v2.36/avr/bin/../lib/gcc/avr/5.4.0/../../../../avr/lib/avr5/memx-const\libm.a(addsf3.o) (__fp_round)
c:/program files/microchip/xc8/v2.36/avr/bin/../lib/gcc/avr/5.4.0/../../../../avr/lib/avr5/memx-const\libm.a(fp_split3.o)
                              c:/program files/microchip/xc8/v2.36/avr/bin/../lib/gcc/avr/5.4.0/../../../../avr/lib/avr5/memx-const\libm.a(addsf3x.o) (__fp_split3)
c:/program files/microchip/xc8/v2.36/avr/bin/../lib/gcc/avr/5.4.0/../../../../avr/lib/avr5/memx-const\libm.a(fp_zero.o)
                              c:/program files/microchip/xc8/v2.36/avr/bin/../lib/gcc/avr/5.4.0/../../../../avr/lib/avr5/memx-const\libm.a(addsf3x.o) (__fp_zero)
c:/program files/microchip/xc8/v2.36/avr/bin/../lib/gcc/avr/5.4.0/../../../../avr/lib/avr5/memx-const\libm.a(mulsf3.o)
                              HAL/LM35/lm35_sensor.o (__mulsf3)
c:/program files/microchip/xc8/v2.36/avr/bin/../lib/gcc/avr/5.4.0/../../../../avr/lib/avr5/memx-const\libm.a(mulsf3x.o)
                              c:/program files/microchip/xc8/v2.36/avr/bin/../lib/gcc/avr/5.4.0/../../../../avr/lib/avr5/memx-const\libm.a(mulsf3.o) (__mulsf3x)
c:/program files/microchip/xc8/v2.36/avr/bin/../lib/gcc/avr/5.4.0/../../../../avr/lib/avr5/memx-const\libm.a(sqrtf.o)
[...]
Memory Configuration

Name             Origin             Length             Attributes
text             0x0000000000000000 0x0000000000008000 xr
data             0x0000000000800060 0x0000000000000800 rw !x
eeprom           0x0000000000810000 0x0000000000000400 rw !x
fuse             0x0000000000820000 0x0000000000000002 rw !x
lock             0x0000000000830000 0x0000000000000400 rw !x
signature        0x0000000000840000 0x0000000000000400 rw !x
user_signatures  0x0000000000850000 0x0000000000000400 rw !x
*default*        0x0000000000000000 0xffffffffffffffff

Linker script and memory map

LOAD C:/Program Files (x86)/Atmel/Studio/7.0/Packs/atmel/ATmega_DFP/1.7.374/xc8/avr/lib/avr5/memx-const/crtatmega32.o
LOAD HAL/7SEG/7seg.o
LOAD HAL/BUZZER/buzzer.o
LOAD HAL/LM35/lm35_sensor.o
LOAD HAL/RTC/rtc.o
LOAD HAL/SETTINGS_BUTTONS/settings_buttons.o
LOAD HAL/weekDayLEDS/weekDayLEDs.o
LOAD LIB/prayerTimes.o
LOAD LIB/storeLatLong.o
LOAD APP.o
LOAD MCAL/ADC/adc.o
LOAD MCAL/GPIO/gpio.o
LOAD MCAL/I2C/i2c.o
START GROUP
LOAD c:/program files/microchip/xc8/v2.36/avr/bin/../lib/gcc/avr/5.4.0/../../../../avr/lib/avr5/memx-const\libm.a
END GROUP
START GROUP
LOAD c:/program files/microchip/xc8/v2.36/avr/bin/../lib/gcc/avr/5.4.0/avr5/memx-const\libgcc.a
LOAD c:/program files/microchip/xc8/v2.36/avr/bin/../lib/gcc/avr/5.4.0/../../../../avr/lib/avr5/memx-const\libm.a
LOAD c:/program files/microchip/xc8/v2.36/avr/bin/../lib/gcc/avr/5.4.0/../../../../avr/lib/avr5/memx-const\libc.a
LOAD C:/Program Files (x86)/Atmel/Studio/7.0/Packs/atmel/ATmega_DFP/1.7.374/xc8/avr/lib/avr5/memx-const\libatmega32.a
END GROUP
                0x0000000000000000                __TEXT_REGION_ORIGIN__ = DEFINED (__TEXT_REGION_ORIGIN__)?__TEXT_REGION_ORIGIN__:0x0
                [0x0000000000800060]                __DATA_REGION_ORIGIN__ = DEFINED (__DATA_REGION_ORIGIN__)?__DATA_REGION_ORIGIN__:0x800060
                [0x0000000000008000]                __TEXT_REGION_LENGTH__ = DEFINED (__TEXT_REGION_LENGTH__)?__TEXT_REGION_LENGTH__:0x20000
                [0x0000000000000800]                __DATA_REGION_LENGTH__ = DEFINED (__DATA_REGION_LENGTH__)?__DATA_REGION_LENGTH__:0xffa0
                [0x0000000000000400]                __EEPROM_REGION_LENGTH__ = DEFINED (__EEPROM_REGION_LENGTH__)?__EEPROM_REGION_LENGTH__:0x10000
                [0x0000000000000002]                __FUSE_REGION_LENGTH__ = DEFINED (__FUSE_REGION_LENGTH__)?__FUSE_REGION_LENGTH__:0x400
                0x0000000000000400                __LOCK_REGION_LENGTH__ = DEFINED (__LOCK_REGION_LENGTH__)?__LOCK_REGION_LENGTH__:0x400
                0x0000000000000400                __SIGNATURE_REGION_LENGTH__ = DEFINED (__SIGNATURE_REGION_LENGTH__)?__SIGNATURE_REGION_LENGTH__:0x400
                0x0000000000000400                __USER_SIGNATURE_REGION_LENGTH__ = DEFINED (__USER_SIGNATURE_REGION_LENGTH__)?__USER_SIGNATURE_REGION_LENGTH__:0x400

.hash
 *(.hash)

.dynsym
 *(.dynsym)

.dynstr
 *(.dynstr)

.gnu.version
 *(.gnu.version)

.gnu.version_d
 *(.gnu.version_d)

.gnu.version_r
 *(.gnu.version_r)

.rel.init
 *(.rel.init)

.rela.init
 *(.rela.init)

.rel.text
 *(.rel.text)
 *(.rel.text.*)
 *(.rel.gnu.linkonce.t*)

.rela.text
 *(.rela.text)
 *(.rela.text.*)
 *(.rela.gnu.linkonce.t*)

.rel.fini
 *(.rel.fini)

.rela.fini
 *(.rela.fini)

.rel.rodata
 *(.rel.rodata)
 *(.rel.rodata.*)
 *(.rel.gnu.linkonce.r*)

.rela.rodata
 *(.rela.rodata)
 *(.rela.rodata.*)
 *(.rela.gnu.linkonce.r*)

.rel.data
 *(.rel.data)
 *(.rel.data.*)
 *(.rel.gnu.linkonce.d*)

.rela.data
 *(.rela.data)
 *(.rela.data.*)
 *(.rela.gnu.linkonce.d*)

.rel.ctors
 *(.rel.ctors)

.rela.ctors
 *(.rela.ctors)

.rel.dtors
 *(.rel.dtors)

.rela.dtors
 *(.rela.dtors)

.rel.got
 *(.rel.got)

.rela.got
 *(.rela.got)

.rel.bss
 *(.rel.bss)

.rela.bss
 *(.rela.bss)

.rel.plt
 *(.rel.plt)

.rela.plt
 *(.rela.plt)

.text           0x0000000000000000       0xe0
 *(.vectors)
 .vectors       0x0000000000000000       0x54 C:/Program Files (x86)/Atmel/Studio/7.0/Packs/atmel/ATmega_DFP/1.7.374/xc8/avr/lib/avr5/memx-const/crtatmega32.o
                0x0000000000000000                __vector_default
                0x0000000000000000                __vectors
 *(.vectors)
 *(.progmem.gcc*)
 .progmem.gcc_sw_table.incrementDigitValue
                0x0000000000000054       0x12 HAL/SETTINGS_BUTTONS/settings_buttons.o
 .progmem.gcc_sw_table.decrementDigitValue
                0x0000000000000066       0x12 HAL/SETTINGS_BUTTONS/settings_buttons.o
 .progmem.gcc_sw_table.weekDayLed_lightup
                0x0000000000000078        0xe HAL/weekDayLEDS/weekDayLEDs.o
 *(.dinit)
 .dinit         0x0000000000000086        0x5 data_init
                0x000000000000008c                . = ALIGN (0x2)
 *fill*         0x000000000000008b        0x1 
                0x000000000000008c                __trampolines_start = .
 *(.trampolines)
 .trampolines   0x000000000000008c        0x0 linker stubs
 *(.trampolines*)
                0x000000000000008c                __trampolines_end = .
 *libprintf_flt.a:*(.progmem.data)
 *libc.a:*(.progmem.data)
                0x000000000000008c                . = ALIGN (0x2)
 *(.jumptables)
 *(.jumptables*)
 *(.lowtext)
 *(.lowtext*)
                0x000000000000008c                __ctors_start = .
 *(.ctors)
                0x000000000000008c                __ctors_end = .
                0x000000000000008c                __dtors_start = .
 *(.dtors)
                0x000000000000008c                __dtors_end = .
 SORT(*)(.ctors)
 SORT(*)(.dtors)
 *(.init0)
 .init0         0x000000000000008c        0x0 C:/Program Files (x86)/Atmel/Studio/7.0/Packs/atmel/ATmega_DFP/1.7.374/xc8/avr/lib/avr5/memx-const/crtatmega32.o
                0x000000000000008c                __init
 *(.init0)
 *(.init1)
 *(.init1)
 *(.init2)
 .init2         0x000000000000008c        0xc C:/Program Files (x86)/Atmel/Studio/7.0/Packs/atmel/ATmega_DFP/1.7.374/xc8/avr/lib/avr5/memx-const/crtatmega32.o
 *(.init2)
 *(.init3)
 *(.init3)
 *(.init4)
 .init4         0x0000000000000098       0x3c c:/program files/microchip/xc8/v2.36/avr/bin/../lib/gcc/avr/5.4.0/avr5/memx-const\libgcc.a(_copy_data.o)
                0x0000000000000098                __do_copy_data
                0x00000000000000c6                __do_clear_bss
 *(.init4)
 *(.init5)
 *(.init5)
 *(.init6)
 *(.init6)
 *(.init7)
 *(.init7)
 *(.init8)
 *(.init8)
 *(.init9)
 .init9         0x00000000000000d4        0x8 C:/Program Files (x86)/Atmel/Studio/7.0/Packs/atmel/ATmega_DFP/1.7.374/xc8/avr/lib/avr5/memx-const/crtatmega32.o
 *(.init9)
                0x00000000000000dc                . = ALIGN (0x2)
 *(.fini9)
 .fini9         0x00000000000000dc        0x0 c:/program files/microchip/xc8/v2.36/avr/bin/../lib/gcc/avr/5.4.0/avr5/memx-const\libgcc.a(_exit.o)
                0x00000000000000dc                _exit
 *(.fini9)
 *(.fini8)
 *(.fini8)
 *(.fini7)
 *(.fini7)
 *(.fini6)
 *(.fini6)
 *(.fini5)
 *(.fini5)
 *(.fini4)
 *(.fini4)
 *(.fini3)
 *(.fini3)
 *(.fini2)
 *(.fini2)
 *(.fini1)
 *(.fini1)
 *(.fini0)
 .fini0         0x00000000000000dc        0x4 c:/program files/microchip/xc8/v2.36/avr/bin/../lib/gcc/avr/5.4.0/avr5/memx-const\libgcc.a(_exit.o)
 *(.fini0)
                0x00000000000000e0                _etext = .

.data           0x0000000000800060        0x0 load address 0x00000000000000e0
                [!provide]                        PROVIDE (__data_start, .)
 *(.gnu.linkonce.d*)
 *(.gnu.linkonce.r*)
                0x0000000000800060                . = ALIGN (0x2)
                0x0000000000800060                _edata = .
                [!provide]                        PROVIDE (__data_end, .)

.bss            0x0000000000800060        0x6
                [!provide]                        PROVIDE (__bss_start, .)
 *(COMMON)
 COMMON         0x0000000000800060        0x4 MCAL/ADC/adc.o
                0x0000000000800060                ADC_RefVoltValue
 COMMON         0x0000000000800064        0x2 c:/program files/microchip/xc8/v2.36/avr/bin/../lib/gcc/avr/5.4.0/../../../../avr/lib/avr5/memx-const\libc.a(errno.o)
                0x0000000000800064                __errno_val
                [!provide]                        PROVIDE (__bss_end, .)
                0x00000000000000e0                __data_load_start = LOADADDR (.data)
                0x00000000000000e0                __data_load_end = (__data_load_start + SIZEOF (.data))

.noinit         0x0000000000800066        0x0
                [!provide]                        PROVIDE (__noinit_start, .)
 *(.noinit*)
                [!provide]                        PROVIDE (__noinit_end, .)
                0x0000000000800066                _end = .

.eeprom         0x0000000000810000        0x0
 *(.eeprom*)
                0x0000000000810000                __eeprom_end = .

.fuse
 *(.fuse)
 *(.lfuse)
 *(.hfuse)
 *(.efuse)

.lock
 *(.lock*)

.signature
 *(.signature*)

.user_signatures
 *(.user_signatures*)

.stab
 *(.stab)

.stabstr
 *(.stabstr)

.stab.excl
 *(.stab.excl)

.stab.exclstr
 *(.stab.exclstr)

.stab.index
 *(.stab.index)

.stab.indexstr
 *(.stab.indexstr)

.comment        0x0000000000000000       0x2f
 *(.comment)
 .comment       0x0000000000000000       0x2f HAL/7SEG/7seg.o
                                         0x30 (size before relaxing)
 .comment       0x000000000000002f       0x30 HAL/BUZZER/buzzer.o
 .comment       0x000000000000002f       0x30 HAL/LM35/lm35_sensor.o
 .comment       0x000000000000002f       0x30 HAL/RTC/rtc.o
 .comment       0x000000000000002f       0x30 HAL/SETTINGS_BUTTONS/settings_buttons.o
 .comment       0x000000000000002f       0x30 HAL/weekDayLEDS/weekDayLEDs.o
 .comment       0x000000000000002f       0x30 LIB/prayerTimes.o
 .comment       0x000000000000002f       0x30 APP.o
 .comment       0x000000000000002f       0x30 MCAL/ADC/adc.o
 .comment       0x000000000000002f       0x30 MCAL/GPIO/gpio.o
 .comment       0x000000000000002f       0x30 MCAL/I2C/i2c.o
 .comment       0x000000000000002f       0x30 c:/program files/microchip/xc8/v2.36/avr/bin/../lib/gcc/avr/5.4.0/../../../../avr/lib/avr5/memx-const\libm.a(acosf.o)
 .comment       0x000000000000002f       0x30 c:/program files/microchip/xc8/v2.36/avr/bin/../lib/gcc/avr/5.4.0/../../../../avr/lib/avr5/memx-const\libm.a(asinf.o)
 .comment       0x000000000000002f       0x30 c:/program files/microchip/xc8/v2.36/avr/bin/../lib/gcc/avr/5.4.0/../../../../avr/lib/avr5/memx-const\libm.a(atan2f.o)
 .comment       0x000000000000002f       0x30 c:/program files/microchip/xc8/v2.36/avr/bin/../lib/gcc/avr/5.4.0/../../../../avr/lib/avr5/memx-const\libm.a(atanf.o)
 .comment       0x000000000000002f       0x30 c:/program files/microchip/xc8/v2.36/avr/bin/../lib/gcc/avr/5.4.0/../../../../avr/lib/avr5/memx-const\libm.a(sqrtf.o)
 .comment       0x000000000000002f       0x30 c:/program files/microchip/xc8/v2.36/avr/bin/../lib/gcc/avr/5.4.0/../../../../avr/lib/avr5/memx-const\libm.a(cosf.o)
 .comment       0x000000000000002f       0x30 c:/program files/microchip/xc8/v2.36/avr/bin/../lib/gcc/avr/5.4.0/../../../../avr/lib/avr5/memx-const\libm.a(fabsf.o)
 .comment       0x000000000000002f       0x30 c:/program files/microchip/xc8/v2.36/avr/bin/../lib/gcc/avr/5.4.0/../../../../avr/lib/avr5/memx-const\libm.a(sinf.o)
 .comment       0x000000000000002f       0x30 c:/program files/microchip/xc8/v2.36/avr/bin/../lib/gcc/avr/5.4.0/../../../../avr/lib/avr5/memx-const\libm.a(tanf.o)
 .comment       0x000000000000002f       0x30 c:/program files/microchip/xc8/v2.36/avr/bin/../lib/gcc/avr/5.4.0/../../../../avr/lib/avr5/memx-const\libm.a(__cosdf.o)
 .comment       0x000000000000002f       0x30 c:/program files/microchip/xc8/v2.36/avr/bin/../lib/gcc/avr/5.4.0/../../../../avr/lib/avr5/memx-const\libm.a(__rem_pio2f.o)
 .comment       0x000000000000002f       0x30 c:/program files/microchip/xc8/v2.36/avr/bin/../lib/gcc/avr/5.4.0/../../../../avr/lib/avr5/memx-const\libm.a(__sindf.o)
 .comment       0x000000000000002f       0x30 c:/program files/microchip/xc8/v2.36/avr/bin/../lib/gcc/avr/5.4.0/../../../../avr/lib/avr5/memx-const\libm.a(__tandf.o)
 .comment       0x000000000000002f       0x30 c:/program files/microchip/xc8/v2.36/avr/bin/../lib/gcc/avr/5.4.0/../../../../avr/lib/avr5/memx-const\libm.a(__rem_pio2_large.o)
 .comment       0x000000000000002f       0x30 c:/program files/microchip/xc8/v2.36/avr/bin/../lib/gcc/avr/5.4.0/../../../../avr/lib/avr5/memx-const\libm.a(floorf.o)
 .comment       0x000000000000002f       0x30 c:/program files/microchip/xc8/v2.36/avr/bin/../lib/gcc/avr/5.4.0/../../../../avr/lib/avr5/memx-const\libm.a(scalbnf.o)
 .comment       0x000000000000002f       0x30 c:/program files/microchip/xc8/v2.36/avr/bin/../lib/gcc/avr/5.4.0/../../../../avr/lib/avr5/memx-const\libc.a(errno.o)
 .comment       0x000000000000002f       0x30 c:/program files/microchip/xc8/v2.36/avr/bin/../lib/gcc/avr/5.4.0/../../../../avr/lib/avr5/memx-const\libc.a(exit.o)
 .comment       0x000000000000002f       0x30 c:/program files/microchip/xc8/v2.36/avr/bin/../lib/gcc/avr/5.4.0/../../../../avr/lib/avr5/memx-const\libc.a(_Exit.o)

.note.GNU-stack
                0x0000000000000000        0x0
 .note.GNU-stack
                0x0000000000000000        0x0 c:/program files/microchip/xc8/v2.36/avr/bin/../lib/gcc/avr/5.4.0/../../../../avr/lib/avr5/memx-const\libm.a(acosf.o)
 .note.GNU-stack
                0x0000000000000000        0x0 c:/program files/microchip/xc8/v2.36/avr/bin/../lib/gcc/avr/5.4.0/../../../../avr/lib/avr5/memx-const\libm.a(asinf.o)
 .note.GNU-stack
                0x0000000000000000        0x0 c:/program files/microchip/xc8/v2.36/avr/bin/../lib/gcc/avr/5.4.0/../../../../avr/lib/avr5/memx-const\libm.a(atan2f.o)
 .note.GNU-stack
                0x0000000000000000        0x0 c:/program files/microchip/xc8/v2.36/avr/bin/../lib/gcc/avr/5.4.0/../../../../avr/lib/avr5/memx-const\libm.a(atanf.o)
 .note.GNU-stack
                0x0000000000000000        0x0 c:/program files/microchip/xc8/v2.36/avr/bin/../lib/gcc/avr/5.4.0/../../../../avr/lib/avr5/memx-const\libm.a(addsf3.o)
 .note.GNU-stack
                0x0000000000000000        0x0 c:/program files/microchip/xc8/v2.36/avr/bin/../lib/gcc/avr/5.4.0/../../../../avr/lib/avr5/memx-const\libm.a(addsf3x.o)
 .note.GNU-stack
                0x0000000000000000        0x0 c:/program files/microchip/xc8/v2.36/avr/bin/../lib/gcc/avr/5.4.0/../../../../avr/lib/avr5/memx-const\libm.a(divsf3.o)
 .note.GNU-stack
                0x0000000000000000        0x0 c:/program files/microchip/xc8/v2.36/avr/bin/../lib/gcc/avr/5.4.0/../../../../avr/lib/avr5/memx-const\libm.a(divsf3x.o)
 .note.GNU-stack
                0x0000000000000000        0x0 c:/program files/microchip/xc8/v2.36/avr/bin/../lib/gcc/avr/5.4.0/../../../../avr/lib/avr5/memx-const\libm.a(fixsfsi.o)
 .note.GNU-stack
                0x0000000000000000        0x0 c:/program files/microchip/xc8/v2.36/avr/bin/../lib/gcc/avr/5.4.0/../../../../avr/lib/avr5/memx-const\libm.a(fixunssfsi.o)
 .note.GNU-stack
                0x0000000000000000        0x0 c:/program files/microchip/xc8/v2.36/avr/bin/../lib/gcc/avr/5.4.0/../../../../avr/lib/avr5/memx-const\libm.a(floatsisf.o)
 .note.GNU-stack
                0x0000000000000000        0x0 c:/program files/microchip/xc8/v2.36/avr/bin/../lib/gcc/avr/5.4.0/../../../../avr/lib/avr5/memx-const\libm.a(fp_inf.o)
 .note.GNU-stack
                0x0000000000000000        0x0 c:/program files/microchip/xc8/v2.36/avr/bin/../lib/gcc/avr/5.4.0/../../../../avr/lib/avr5/memx-const\libm.a(fp_nan.o)
 .note.GNU-stack
                0x0000000000000000        0x0 c:/program files/microchip/xc8/v2.36/avr/bin/../lib/gcc/avr/5.4.0/../../../../avr/lib/avr5/memx-const\libm.a(fp_pscA.o)
 .note.GNU-stack
                0x0000000000000000        0x0 c:/program files/microchip/xc8/v2.36/avr/bin/../lib/gcc/avr/5.4.0/../../../../avr/lib/avr5/memx-const\libm.a(fp_pscB.o)
 .note.GNU-stack
                0x0000000000000000        0x0 c:/program files/microchip/xc8/v2.36/avr/bin/../lib/gcc/avr/5.4.0/../../../../avr/lib/avr5/memx-const\libm.a(fp_round.o)
 .note.GNU-stack
                0x0000000000000000        0x0 c:/program files/microchip/xc8/v2.36/avr/bin/../lib/gcc/avr/5.4.0/../../../../avr/lib/avr5/memx-const\libm.a(fp_split3.o)
 .note.GNU-stack
                0x0000000000000000        0x0 c:/program files/microchip/xc8/v2.36/avr/bin/../lib/gcc/avr/5.4.0/../../../../avr/lib/avr5/memx-const\libm.a(fp_zero.o)
 .note.GNU-stack
                0x0000000000000000        0x0 c:/program files/microchip/xc8/v2.36/avr/bin/../lib/gcc/avr/5.4.0/../../../../avr/lib/avr5/memx-const\libm.a(mulsf3.o)
 .note.GNU-stack
                0x0000000000000000        0x0 c:/program files/microchip/xc8/v2.36/avr/bin/../lib/gcc/avr/5.4.0/../../../../avr/lib/avr5/memx-const\libm.a(mulsf3x.o)
 .note.GNU-stack
                0x0000000000000000        0x0 c:/program files/microchip/xc8/v2.36/avr/bin/../lib/gcc/avr/5.4.0/../../../../avr/lib/avr5/memx-const\libm.a(sqrtf.o)
 .note.GNU-stack
                0x0000000000000000        0x0 c:/program files/microchip/xc8/v2.36/avr/bin/../lib/gcc/avr/5.4.0/../../../../avr/lib/avr5/memx-const\libm.a(cosf.o)
 .note.GNU-stack
                0x0000000000000000        0x0 c:/program files/microchip/xc8/v2.36/avr/bin/../lib/gcc/avr/5.4.0/../../../../avr/lib/avr5/memx-const\libm.a(fabsf.o)
 .note.GNU-stack
                0x0000000000000000        0x0 c:/program files/microchip/xc8/v2.36/avr/bin/../lib/gcc/avr/5.4.0/../../../../avr/lib/avr5/memx-const\libm.a(sinf.o)
 .note.GNU-stack
                0x0000000000000000        0x0 c:/program files/microchip/xc8/v2.36/avr/bin/../lib/gcc/avr/5.4.0/../../../../avr/lib/avr5/memx-const\libm.a(tanf.o)
 .note.GNU-stack
                0x0000000000000000        0x0 c:/program files/microchip/xc8/v2.36/avr/bin/../lib/gcc/avr/5.4.0/../../../../avr/lib/avr5/memx-const\libm.a(__cosdf.o)
 .note.GNU-stack
                0x0000000000000000        0x0 c:/program files/microchip/xc8/v2.36/avr/bin/../lib/gcc/avr/5.4.0/../../../../avr/lib/avr5/memx-const\libm.a(__rem_pio2f.o)
 .note.GNU-stack
                0x0000000000000000        0x0 c:/program files/microchip/xc8/v2.36/avr/bin/../lib/gcc/avr/5.4.0/../../../../avr/lib/avr5/memx-const\libm.a(__sindf.o)
 .note.GNU-stack
                0x0000000000000000        0x0 c:/program files/microchip/xc8/v2.36/avr/bin/../lib/gcc/avr/5.4.0/../../../../avr/lib/avr5/memx-const\libm.a(__tandf.o)
 .note.GNU-stack
                0x0000000000000000        0x0 c:/program files/microchip/xc8/v2.36/avr/bin/../lib/gcc/avr/5.4.0/../../../../avr/lib/avr5/memx-const\libm.a(gesf2.o)
 .note.GNU-stack
                0x0000000000000000        0x0 c:/program files/microchip/xc8/v2.36/avr/bin/../lib/gcc/avr/5.4.0/../../../../avr/lib/avr5/memx-const\libm.a(__rem_pio2_large.o)
 .note.GNU-stack
                0x0000000000000000        0x0 c:/program files/microchip/xc8/v2.36/avr/bin/../lib/gcc/avr/5.4.0/../../../../avr/lib/avr5/memx-const\libm.a(cmpsf2.o)
 .note.GNU-stack
                0x0000000000000000        0x0 c:/program files/microchip/xc8/v2.36/avr/bin/../lib/gcc/avr/5.4.0/../../../../avr/lib/avr5/memx-const\libm.a(fp_cmp.o)
 .note.GNU-stack
                0x0000000000000000        0x0 c:/program files/microchip/xc8/v2.36/avr/bin/../lib/gcc/avr/5.4.0/../../../../avr/lib/avr5/memx-const\libm.a(floorf.o)
 .note.GNU-stack
                0x0000000000000000        0x0 c:/program files/microchip/xc8/v2.36/avr/bin/../lib/gcc/avr/5.4.0/../../../../avr/lib/avr5/memx-const\libm.a(scalbnf.o)
 .note.GNU-stack
                0x0000000000000000        0x0 c:/program files/microchip/xc8/v2.36/avr/bin/../lib/gcc/avr/5.4.0/../../../../avr/lib/avr5/memx-const\libc.a(errno.o)
 .note.GNU-stack
                0x0000000000000000        0x0 c:/program files/microchip/xc8/v2.36/avr/bin/../lib/gcc/avr/5.4.0/../../../../avr/lib/avr5/memx-const\libc.a(exit.o)
 .note.GNU-stack
                0x0000000000000000        0x0 c:/program files/microchip/xc8/v2.36/avr/bin/../lib/gcc/avr/5.4.0/../../../../avr/lib/avr5/memx-const\libc.a(_Exit.o)

.stack.descriptors.hdr
                0x0000000000000000      0x1a4
 .stack.descriptors.hdr
                0x0000000000000000        0xe c:/program files/microchip/xc8/v2.36/avr/bin/../lib/gcc/avr/5.4.0/../../../../avr/lib/avr5/memx-const\libm.a(addsf3.o)
 .stack.descriptors.hdr
                0x000000000000000e        0xe c:/program files/microchip/xc8/v2.36/avr/bin/../lib/gcc/avr/5.4.0/../../../../avr/lib/avr5/memx-const\libm.a(addsf3x.o)
 .stack.descriptors.hdr
                0x000000000000001c        0xe c:/program files/microchip/xc8/v2.36/avr/bin/../lib/gcc/avr/5.4.0/../../../../avr/lib/avr5/memx-const\libm.a(divsf3.o)
 .stack.descriptors.hdr
                0x000000000000002a        0xe c:/program files/microchip/xc8/v2.36/avr/bin/../lib/gcc/avr/5.4.0/../../../../avr/lib/avr5/memx-const\libm.a(divsf3x.o)
 .stack.descriptors.hdr
                0x0000000000000038        0xe c:/program files/microchip/xc8/v2.36/avr/bin/../lib/gcc/avr/5.4.0/../../../../avr/lib/avr5/memx-const\libm.a(fixsfsi.o)
 .stack.descriptors.hdr
                0x0000000000000046        0xe c:/program files/microchip/xc8/v2.36/avr/bin/../lib/gcc/avr/5.4.0/../../../../avr/lib/avr5/memx-const\libm.a(fixunssfsi.o)
 .stack.descriptors.hdr
                0x0000000000000054        0xe c:/program files/microchip/xc8/v2.36/avr/bin/../lib/gcc/avr/5.4.0/../../../../avr/lib/avr5/memx-const\libm.a(floatsisf.o)
 .stack.descriptors.hdr
                0x0000000000000062        0xe c:/program files/microchip/xc8/v2.36/avr/bin/../lib/gcc/avr/5.4.0/../../../../avr/lib/avr5/memx-const\libm.a(fp_inf.o)
 .stack.descriptors.hdr
                0x0000000000000070        0xe c:/program files/microchip/xc8/v2.36/avr/bin/../lib/gcc/avr/5.4.0/../../../../avr/lib/avr5/memx-const\libm.a(fp_nan.o)
 .stack.descriptors.hdr
                0x000000000000007e        0xe c:/program files/microchip/xc8/v2.36/avr/bin/../lib/gcc/avr/5.4.0/../../../../avr/lib/avr5/memx-const\libm.a(fp_pscA.o)
 .stack.descriptors.hdr
                0x000000000000008c        0xe c:/program files/microchip/xc8/v2.36/avr/bin/../lib/gcc/avr/5.4.0/../../../../avr/lib/avr5/memx-const\libm.a(fp_pscB.o)
 .stack.descriptors.hdr
                0x000000000000009a        0xe c:/program files/microchip/xc8/v2.36/avr/bin/../lib/gcc/avr/5.4.0/../../../../avr/lib/avr5/memx-const\libm.a(fp_round.o)
 .stack.descriptors.hdr
                0x00000000000000a8        0xe c:/program files/microchip/xc8/v2.36/avr/bin/../lib/gcc/avr/5.4.0/../../../../avr/lib/avr5/memx-const\libm.a(fp_split3.o)
 .stack.descriptors.hdr
                0x00000000000000b6        0xe c:/program files/microchip/xc8/v2.36/avr/bin/../lib/gcc/avr/5.4.0/../../../../avr/lib/avr5/memx-const\libm.a(fp_zero.o)
 .stack.descriptors.hdr
                0x00000000000000c4        0xe c:/program files/microchip/xc8/v2.36/avr/bin/../lib/gcc/avr/5.4.0/../../../../avr/lib/avr5/memx-const\libm.a(mulsf3.o)
 .stack.descriptors.hdr
                0x00000000000000d2        0xe c:/program files/microchip/xc8/v2.36/avr/bin/../lib/gcc/avr/5.4.0/../../../../avr/lib/avr5/memx-const\libm.a(mulsf3x.o)
 .stack.descriptors.hdr
                0x00000000000000e0        0xe c:/program files/microchip/xc8/v2.36/avr/bin/../lib/gcc/avr/5.4.0/../../../../avr/lib/avr5/memx-const\libm.a(gesf2.o)
 .stack.descriptors.hdr
                0x00000000000000ee        0xe c:/program files/microchip/xc8/v2.36/avr/bin/../lib/gcc/avr/5.4.0/../../../../avr/lib/avr5/memx-const\libm.a(cmpsf2.o)
 .stack.descriptors.hdr
                0x00000000000000fc        0xe c:/program files/microchip/xc8/v2.36/avr/bin/../lib/gcc/avr/5.4.0/../../../../avr/lib/avr5/memx-const\libm.a(fp_cmp.o)
 .stack.descriptors.hdr
                0x000000000000010a        0xe c:/program files/microchip/xc8/v2.36/avr/bin/../lib/gcc/avr/5.4.0/avr5/memx-const\libgcc.a(_divmodhi4.o)
 .stack.descriptors.hdr
                0x0000000000000118        0xe c:/program files/microchip/xc8/v2.36/avr/bin/../lib/gcc/avr/5.4.0/avr5/memx-const\libgcc.a(_tablejump2.o)
 .stack.descriptors.hdr
                0x0000000000000126        0xe c:/program files/microchip/xc8/v2.36/avr/bin/../lib/gcc/avr/5.4.0/avr5/memx-const\libgcc.a(_umulhisi3.o)
 .stack.descriptors.hdr
                0x0000000000000134        0xe c:/program files/microchip/xc8/v2.36/avr/bin/../lib/gcc/avr/5.4.0/avr5/memx-const\libgcc.a(_mulshisi3.o)
 .stack.descriptors.hdr
                0x0000000000000142        0xe c:/program files/microchip/xc8/v2.36/avr/bin/../lib/gcc/avr/5.4.0/avr5/memx-const\libgcc.a(_xload_2.o)
 .stack.descriptors.hdr
                0x0000000000000150        0xe c:/program files/microchip/xc8/v2.36/avr/bin/../lib/gcc/avr/5.4.0/avr5/memx-const\libgcc.a(_xload_4.o)
 .stack.descriptors.hdr
                0x000000000000015e        0xe c:/program files/microchip/xc8/v2.36/avr/bin/../lib/gcc/avr/5.4.0/avr5/memx-const\libgcc.a(_udivmodhi4.o)
 .stack.descriptors.hdr
                0x000000000000016c        0xe c:/program files/microchip/xc8/v2.36/avr/bin/../lib/gcc/avr/5.4.0/avr5/memx-const\libgcc.a(_muluhisi3.o)
 .stack.descriptors.hdr
                0x000000000000017a        0xe C:/Program Files (x86)/Atmel/Studio/7.0/Packs/atmel/ATmega_DFP/1.7.374/xc8/avr/lib/avr5/memx-const\libatmega32.a(eerd_dword.o)
 .stack.descriptors.hdr
                0x0000000000000188        0xe C:/Program Files (x86)/Atmel/Studio/7.0/Packs/atmel/ATmega_DFP/1.7.374/xc8/avr/lib/avr5/memx-const\libatmega32.a(eerd_block.o)
 .stack.descriptors.hdr
                0x0000000000000196        0xe c:/program files/microchip/xc8/v2.36/avr/bin/../lib/gcc/avr/5.4.0/avr5/memx-const\libgcc.a(_exit.o)

.note.gnu.build-id
 *(.note.gnu.build-id)

.debug
 *(.debug)

.line
 *(.line)

.debug_srcinfo
 *(.debug_srcinfo)

.debug_sfnames
 *(.debug_sfnames)

.debug_aranges  0x0000000000000000      0x2e8
 *(.debug_aranges)
 .debug_aranges
                0x0000000000000000       0x58 HAL/7SEG/7seg.o
 .debug_aranges
                0x0000000000000058       0x38 HAL/BUZZER/buzzer.o
 .debug_aranges
                0x0000000000000090       0x20 HAL/LM35/lm35_sensor.o
 .debug_aranges
                0x00000000000000b0       0x50 HAL/RTC/rtc.o
 .debug_aranges
                0x0000000000000100       0x38 HAL/SETTINGS_BUTTONS/settings_buttons.o
 .debug_aranges
                0x0000000000000138       0x28 HAL/weekDayLEDS/weekDayLEDs.o
 .debug_aranges
                0x0000000000000160       0x58 LIB/prayerTimes.o
 .debug_aranges
                0x00000000000001b8       0x20 APP.o
 .debug_aranges
                0x00000000000001d8       0x28 MCAL/ADC/adc.o
 .debug_aranges
                0x0000000000000200       0x50 MCAL/GPIO/gpio.o
 .debug_aranges
                0x0000000000000250       0x58 MCAL/I2C/i2c.o
 .debug_aranges
                0x00000000000002a8       0x20 C:/Program Files (x86)/Atmel/Studio/7.0/Packs/atmel/ATmega_DFP/1.7.374/xc8/avr/lib/avr5/memx-const\libatmega32.a(eerd_dword.o)
 .debug_aranges
                0x00000000000002c8       0x20 C:/Program Files (x86)/Atmel/Studio/7.0/Packs/atmel/ATmega_DFP/1.7.374/xc8/avr/lib/avr5/memx-const\libatmega32.a(eerd_block.o)

.debug_pubnames
 *(.debug_pubnames)

.debug_info     0x0000000000000000     0x6ab5
 *(.debug_info .gnu.linkonce.wi.*)
 .debug_info    0x0000000000000000      0x4e6 C:/Program Files (x86)/Atmel/Studio/7.0/Packs/atmel/ATmega_DFP/1.7.374/xc8/avr/lib/avr5/memx-const/crtatmega32.o
 .debug_info    0x00000000000004e6     0x1c9c HAL/7SEG/7seg.o
 .debug_info    0x0000000000002182      0x3aa HAL/BUZZER/buzzer.o
 .debug_info    0x000000000000252c      0x317 HAL/LM35/lm35_sensor.o
 .debug_info    0x0000000000002843      0x884 HAL/RTC/rtc.o
 .debug_info    0x00000000000030c7      0x584 HAL/SETTINGS_BUTTONS/settings_buttons.o
 .debug_info    0x000000000000364b      0x5c6 HAL/weekDayLEDS/weekDayLEDs.o
 .debug_info    0x0000000000003c11     0x1076 LIB/prayerTimes.o
 .debug_info    0x0000000000004c87      0xe0b APP.o
 .debug_info    0x0000000000005a92      0x473 MCAL/ADC/adc.o
 .debug_info    0x0000000000005f05      0x52e MCAL/GPIO/gpio.o
 .debug_info    0x0000000000006433      0x52e MCAL/I2C/i2c.o
 .debug_info    0x0000000000006961       0xaa C:/Program Files (x86)/Atmel/Studio/7.0/Packs/atmel/ATmega_DFP/1.7.374/xc8/avr/lib/avr5/memx-const\libatmega32.a(eerd_dword.o)
 .debug_info    0x0000000000006a0b       0xaa C:/Program Files (x86)/Atmel/Studio/7.0/Packs/atmel/ATmega_DFP/1.7.374/xc8/avr/lib/avr5/memx-const\libatmega32.a(eerd_block.o)

.debug_abbrev   0x0000000000000000     0x1020
 *(.debug_abbrev)
 .debug_abbrev  0x0000000000000000      0x4a3 C:/Program Files (x86)/Atmel/Studio/7.0/Packs/atmel/ATmega_DFP/1.7.374/xc8/avr/lib/avr5/memx-const/crtatmega32.o
 .debug_abbrev  0x00000000000004a3      0x161 HAL/7SEG/7seg.o
 .debug_abbrev  0x0000000000000604       0x87 HAL/BUZZER/buzzer.o
 .debug_abbrev  0x000000000000068b       0x93 HAL/LM35/lm35_sensor.o
 .debug_abbrev  0x000000000000071e      0x12b HAL/RTC/rtc.o
 .debug_abbrev  0x0000000000000849      0x102 HAL/SETTINGS_BUTTONS/settings_buttons.o
 .debug_abbrev  0x000000000000094b       0xa5 HAL/weekDayLEDS/weekDayLEDs.o
 .debug_abbrev  0x00000000000009f0      0x18f LIB/prayerTimes.o
 .debug_abbrev  0x0000000000000b7f      0x155 APP.o
 .debug_abbrev  0x0000000000000cd4       0xd9 MCAL/ADC/adc.o
 .debug_abbrev  0x0000000000000dad      0x128 MCAL/GPIO/gpio.o
 .debug_abbrev  0x0000000000000ed5      0x123 MCAL/I2C/i2c.o
 .debug_abbrev  0x0000000000000ff8       0x14 C:/Program Files (x86)/Atmel/Studio/7.0/Packs/atmel/ATmega_DFP/1.7.374/xc8/avr/lib/avr5/memx-const\libatmega32.a(eerd_dword.o)
 .debug_abbrev  0x000000000000100c       0x14 C:/Program Files (x86)/Atmel/Studio/7.0/Packs/atmel/ATmega_DFP/1.7.374/xc8/avr/lib/avr5/memx-const\libatmega32.a(eerd_block.o)

.debug_line     0x0000000000000000     0x21cf
 *(.debug_line .debug_line.* .debug_line_end)
 .debug_line    0x0000000000000000      0x119 C:/Program Files (x86)/Atmel/Studio/7.0/Packs/atmel/ATmega_DFP/1.7.374/xc8/avr/lib/avr5/memx-const/crtatmega32.o
 .debug_line    0x0000000000000119      0x65e HAL/7SEG/7seg.o
 .debug_line    0x0000000000000777       0xba HAL/BUZZER/buzzer.o
 .debug_line    0x0000000000000831       0xa2 HAL/LM35/lm35_sensor.o
 .debug_line    0x00000000000008d3      0x1df HAL/RTC/rtc.o
 .debug_line    0x0000000000000ab2      0x386 HAL/SETTINGS_BUTTONS/settings_buttons.o
 .debug_line    0x0000000000000e38      0x171 HAL/weekDayLEDS/weekDayLEDs.o
 .debug_line    0x0000000000000fa9      0x453 LIB/prayerTimes.o
 .debug_line    0x00000000000013fc      0x5b5 APP.o
 .debug_line    0x00000000000019b1      0x111 MCAL/ADC/adc.o
 .debug_line    0x0000000000001ac2      0x341 MCAL/GPIO/gpio.o
 .debug_line    0x0000000000001e03      0x2a1 MCAL/I2C/i2c.o
 .debug_line    0x00000000000020a4       0x71 C:/Program Files (x86)/Atmel/Studio/7.0/Packs/atmel/ATmega_DFP/1.7.374/xc8/avr/lib/avr5/memx-const\libatmega32.a(eerd_dword.o)
 .debug_line    0x0000000000002115       0xba C:/Program Files (x86)/Atmel/Studio/7.0/Packs/atmel/ATmega_DFP/1.7.374/xc8/avr/lib/avr5/memx-const\libatmega32.a(eerd_block.o)

.debug_frame    0x0000000000000000      0x814
 *(.debug_frame)
 .debug_frame   0x0000000000000000      0x154 HAL/7SEG/7seg.o
 .debug_frame   0x0000000000000154       0x54 HAL/BUZZER/buzzer.o
 .debug_frame   0x00000000000001a8       0x24 HAL/LM35/lm35_sensor.o
 .debug_frame   0x00000000000001cc      0x114 HAL/RTC/rtc.o
 .debug_frame   0x00000000000002e0       0xac HAL/SETTINGS_BUTTONS/settings_buttons.o
 .debug_frame   0x000000000000038c       0x34 HAL/weekDayLEDS/weekDayLEDs.o
 .debug_frame   0x00000000000003c0      0x2d4 LIB/prayerTimes.o
 .debug_frame   0x0000000000000694       0x34 APP.o
 .debug_frame   0x00000000000006c8       0x34 MCAL/ADC/adc.o
 .debug_frame   0x00000000000006fc       0x84 MCAL/GPIO/gpio.o
 .debug_frame   0x0000000000000780       0x94 MCAL/I2C/i2c.o

.debug_str      0x0000000000000000      0x545
 *(.debug_str)
 .debug_str     0x0000000000000000      0x196 C:/Program Files (x86)/Atmel/Studio/7.0/Packs/atmel/ATmega_DFP/1.7.374/xc8/avr/lib/avr5/memx-const/crtatmega32.o
 .debug_str     0x0000000000000196       0x55 HAL/7SEG/7seg.o
 .debug_str     0x00000000000001eb       0x34 HAL/BUZZER/buzzer.o
 .debug_str     0x000000000000021f       0x10 HAL/LM35/lm35_sensor.o
 .debug_str     0x000000000000022f       0x73 HAL/RTC/rtc.o
 .debug_str     0x00000000000002a2       0x3e HAL/SETTINGS_BUTTONS/settings_buttons.o
 .debug_str     0x00000000000002e0       0x25 HAL/weekDayLEDS/weekDayLEDs.o
 .debug_str     0x0000000000000305       0x1c LIB/prayerTimes.o
 .debug_str     0x0000000000000321      0x202 APP.o
 .debug_str     0x0000000000000523        0x0 MCAL/ADC/adc.o
 .debug_str     0x0000000000000523       0x1b MCAL/GPIO/gpio.o
 .debug_str     0x000000000000053e        0x7 MCAL/I2C/i2c.o

.debug_loc      0x0000000000000000     0x433a
 *(.debug_loc)
 .debug_loc     0x0000000000000000     0x1480 HAL/7SEG/7seg.o
 .debug_loc     0x0000000000001480       0x53 HAL/LM35/lm35_sensor.o
 .debug_loc     0x00000000000014d3      0x57a HAL/RTC/rtc.o
 .debug_loc     0x0000000000001a4d      0x792 HAL/SETTINGS_BUTTONS/settings_buttons.o
 .debug_loc     0x00000000000021df       0xb7 HAL/weekDayLEDS/weekDayLEDs.o
 .debug_loc     0x0000000000002296     0x14e8 LIB/prayerTimes.o
 .debug_loc     0x000000000000377e      0x61d APP.o
 .debug_loc     0x0000000000003d9b       0x21 MCAL/ADC/adc.o
 .debug_loc     0x0000000000003dbc      0x3fb MCAL/GPIO/gpio.o
 .debug_loc     0x00000000000041b7      0x183 MCAL/I2C/i2c.o

.debug_macinfo
 *(.debug_macinfo)

.debug_weaknames
 *(.debug_weaknames)

.debug_funcnames
 *(.debug_funcnames)

.debug_typenames
 *(.debug_typenames)

.debug_varnames
 *(.debug_varnames)

.debug_pubtypes
 *(.debug_pubtypes)

.debug_ranges   0x0000000000000000      0x1f8
 *(.debug_ranges)
 .debug_ranges  0x0000000000000000       0x48 HAL/7SEG/7seg.o
 .debug_ranges  0x0000000000000048       0x28 HAL/BUZZER/buzzer.o
 .debug_ranges  0x0000000000000070       0x10 HAL/LM35/lm35_sensor.o
 .debug_ranges  0x0000000000000080       0x40 HAL/RTC/rtc.o
 .debug_ranges  0x00000000000000c0       0x28 HAL/SETTINGS_BUTTONS/settings_buttons.o
 .debug_ranges  0x00000000000000e8       0x18 HAL/weekDayLEDS/weekDayLEDs.o
 .debug_ranges  0x0000000000000100       0x48 LIB/prayerTimes.o
 .debug_ranges  0x0000000000000148       0x10 APP.o
 .debug_ranges  0x0000000000000158       0x18 MCAL/ADC/adc.o
 .debug_ranges  0x0000000000000170       0x40 MCAL/GPIO/gpio.o
 .debug_ranges  0x00000000000001b0       0x48 MCAL/I2C/i2c.o

.debug_macro
 *(.debug_macro)
OUTPUT(Moaqet.elf elf32-avr)
LOAD linker stubs
LOAD data_init

.note.gnu.avr.deviceinfo
                0x0000000000000000       0x3c
 .note.gnu.avr.deviceinfo
                0x0000000000000000       0x3c C:/Program Files (x86)/Atmel/Studio/7.0/Packs/atmel/ATmega_DFP/1.7.374/xc8/avr/lib/avr5/memx-const/crtatmega32.o

.progmemx.data.ipio2
                0x00000000000000e0      0x108
 .progmemx.data.ipio2
                0x00000000000000e0      0x108 c:/program files/microchip/xc8/v2.36/avr/bin/../lib/gcc/avr/5.4.0/../../../../avr/lib/avr5/memx-const\libm.a(__rem_pio2_large.o)

.progmemx.data.PIo2
                0x00000000000001e8       0x20
 .progmemx.data.PIo2
                0x00000000000001e8       0x20 c:/program files/microchip/xc8/v2.36/avr/bin/../lib/gcc/avr/5.4.0/../../../../avr/lib/avr5/memx-const\libm.a(__rem_pio2_large.o)

.progmemx.data.atanlo
                0x0000000000000208       0x10
 .progmemx.data.atanlo
                0x0000000000000208       0x10 c:/program files/microchip/xc8/v2.36/avr/bin/../lib/gcc/avr/5.4.0/../../../../avr/lib/avr5/memx-const\libm.a(atanf.o)

.progmemx.data.atanhi
                0x0000000000000218       0x10
 .progmemx.data.atanhi
                0x0000000000000218       0x10 c:/program files/microchip/xc8/v2.36/avr/bin/../lib/gcc/avr/5.4.0/../../../../avr/lib/avr5/memx-const\libm.a(atanf.o)

.progmemx.data.init_jk
                0x0000000000000228        0x8
 .progmemx.data.init_jk
                0x0000000000000228        0x8 c:/program files/microchip/xc8/v2.36/avr/bin/../lib/gcc/avr/5.4.0/../../../../avr/lib/avr5/memx-const\libm.a(__rem_pio2_large.o)

.text.__rem_pio2_large
                0x0000000000000230     0x143c
 .text.__rem_pio2_large
                0x0000000000000230     0x143c c:/program files/microchip/xc8/v2.36/avr/bin/../lib/gcc/avr/5.4.0/../../../../avr/lib/avr5/memx-const\libm.a(__rem_pio2_large.o)
                0x0000000000000230                __rem_pio2_large

.text.main      0x000000000000166c      0x548
 .text.main     0x000000000000166c      0x548 APP.o
                0x000000000000166c                main

.text.displayPrayerTimesOn7Segment
                0x0000000000001bb4      0x384
 .text.displayPrayerTimesOn7Segment
                0x0000000000001bb4      0x384 HAL/7SEG/7seg.o
                0x0000000000001bb4                displayPrayerTimesOn7Segment

.text.acosf     0x0000000000001f38      0x33e
 .text.acosf    0x0000000000001f38      0x33e c:/program files/microchip/xc8/v2.36/avr/bin/../lib/gcc/avr/5.4.0/../../../../avr/lib/avr5/memx-const\libm.a(acosf.o)
                0x0000000000001f38                acosf

.text.displaySettingsOn7Segment
                0x0000000000002276      0x336
 .text.displaySettingsOn7Segment
                0x0000000000002276      0x336 HAL/7SEG/7seg.o
                0x0000000000002276                displaySettingsOn7Segment

.text.atanf     0x00000000000025ac      0x2f0
 .text.atanf    0x00000000000025ac      0x2f0 c:/program files/microchip/xc8/v2.36/avr/bin/../lib/gcc/avr/5.4.0/../../../../avr/lib/avr5/memx-const\libm.a(atanf.o)
                0x00000000000025ac                atanf

.text.atan2f    0x000000000000289c      0x28c
 .text.atan2f   0x000000000000289c      0x28c c:/program files/microchip/xc8/v2.36/avr/bin/../lib/gcc/avr/5.4.0/../../../../avr/lib/avr5/memx-const\libm.a(atan2f.o)
                0x000000000000289c                atan2f

.text.calcTimeDec
                0x0000000000002b28      0x23a
 .text.calcTimeDec
                0x0000000000002b28      0x23a LIB/prayerTimes.o
                0x0000000000002b28                calcTimeDec

.text.sqrtf     0x0000000000002d62      0x22a
 .text.sqrtf    0x0000000000002d62      0x22a c:/program files/microchip/xc8/v2.36/avr/bin/../lib/gcc/avr/5.4.0/../../../../avr/lib/avr5/memx-const\libm.a(sqrtf.o)
                0x0000000000002d62                sqrtl
                0x0000000000002d62                sqrtf
                0x0000000000002d62                sqrt

.text.asinf     0x0000000000002f8c      0x21e
 .text.asinf    0x0000000000002f8c      0x21e c:/program files/microchip/xc8/v2.36/avr/bin/../lib/gcc/avr/5.4.0/../../../../avr/lib/avr5/memx-const\libm.a(asinf.o)
                0x0000000000002f8c                asinf

.text.checkIqamahAlert
                0x00000000000031aa      0x1f6
 .text.checkIqamahAlert
                0x00000000000031aa      0x1f6 LIB/prayerTimes.o
                0x00000000000031aa                checkIqamahAlert

.text.displayDateOn7Segment
                0x00000000000033a0      0x1ea
 .text.displayDateOn7Segment
                0x00000000000033a0      0x1ea HAL/7SEG/7seg.o
                0x00000000000033a0                displayDateOn7Segment

.text.calcRemainingPrayerTimes
                0x000000000000358a      0x1e8
 .text.calcRemainingPrayerTimes
                0x000000000000358a      0x1e8 LIB/prayerTimes.o
                0x000000000000358a                calcRemainingPrayerTimes

.text.incrementDigitValue
                0x0000000000003772      0x1dc
 .text.incrementDigitValue
                0x0000000000003772      0x1dc HAL/SETTINGS_BUTTONS/settings_buttons.o
                0x0000000000003772                incrementDigitValue

.text.decrementDigitValue
                0x000000000000394e      0x1ce
 .text.decrementDigitValue
                0x000000000000394e      0x1ce HAL/SETTINGS_BUTTONS/settings_buttons.o
                0x000000000000394e                decrementDigitValue

.text.sinf      0x0000000000003b1c      0x1ca
 .text.sinf     0x0000000000003b1c      0x1ca c:/program files/microchip/xc8/v2.36/avr/bin/../lib/gcc/avr/5.4.0/../../../../avr/lib/avr5/memx-const\libm.a(sinf.o)
                0x0000000000003b1c                sinf

.text.calAllPrayerTimes
                0x0000000000003ce6      0x19c
 .text.calAllPrayerTimes
                0x0000000000003ce6      0x19c LIB/prayerTimes.o
                0x0000000000003ce6                calAllPrayerTimes

.text.tanf      0x0000000000003e82      0x19c
 .text.tanf     0x0000000000003e82      0x19c c:/program files/microchip/xc8/v2.36/avr/bin/../lib/gcc/avr/5.4.0/../../../../avr/lib/avr5/memx-const\libm.a(tanf.o)
                0x0000000000003e82                tanf

.text.__rem_pio2f
                0x000000000000401e      0x19c
 .text.__rem_pio2f
                0x000000000000401e      0x19c c:/program files/microchip/xc8/v2.36/avr/bin/../lib/gcc/avr/5.4.0/../../../../avr/lib/avr5/memx-const\libm.a(__rem_pio2f.o)
                0x000000000000401e                __rem_pio2f

.text.calcAsrTime
                0x00000000000041ba      0x17e
 .text.calcAsrTime
                0x00000000000041ba      0x17e LIB/prayerTimes.o
                0x00000000000041ba                calcAsrTime

.text.cosf      0x0000000000004338      0x16a
 .text.cosf     0x0000000000004338      0x16a c:/program files/microchip/xc8/v2.36/avr/bin/../lib/gcc/avr/5.4.0/../../../../avr/lib/avr5/memx-const\libm.a(cosf.o)
                0x0000000000004338                cosf

.text.__tandf   0x00000000000044a2      0x15e
 .text.__tandf  0x00000000000044a2      0x15e c:/program files/microchip/xc8/v2.36/avr/bin/../lib/gcc/avr/5.4.0/../../../../avr/lib/avr5/memx-const\libm.a(__tandf.o)
                0x00000000000044a2                __tandf

.text.floorf    0x0000000000004600      0x132
 .text.floorf   0x0000000000004600      0x132 c:/program files/microchip/xc8/v2.36/avr/bin/../lib/gcc/avr/5.4.0/../../../../avr/lib/avr5/memx-const\libm.a(floorf.o)
                0x0000000000004600                floorf

.text.weekDayLed_lightup
                0x0000000000004732       0xf4
 .text.weekDayLed_lightup
                0x0000000000004732       0xf4 HAL/weekDayLEDS/weekDayLEDs.o
                0x0000000000004732                weekDayLed_lightup

.text.__sindf   0x0000000000004826       0xf2
 .text.__sindf  0x0000000000004826       0xf2 c:/program files/microchip/xc8/v2.36/avr/bin/../lib/gcc/avr/5.4.0/../../../../avr/lib/avr5/memx-const\libm.a(__sindf.o)
                0x0000000000004826                __sindf

.text.calcJulianData
                0x0000000000004918       0xee
 .text.calcJulianData
                0x0000000000004918       0xee LIB/prayerTimes.o
                0x0000000000004918                calcJulianData

.text.__cosdf   0x0000000000004a06       0xee
 .text.__cosdf  0x0000000000004a06       0xee c:/program files/microchip/xc8/v2.36/avr/bin/../lib/gcc/avr/5.4.0/../../../../avr/lib/avr5/memx-const\libm.a(__cosdf.o)
                0x0000000000004a06                __cosdf

.text.SEVENSEG_displayNumber
                0x0000000000004af4       0xe6
 .text.SEVENSEG_displayNumber
                0x0000000000004af4       0xe6 HAL/7SEG/7seg.o
                0x0000000000004af4                SEVENSEG_displayNumber

.text.GPIO_setupPinDirection
                0x0000000000004bda       0xe6
 .text.GPIO_setupPinDirection
                0x0000000000004bda       0xe6 MCAL/GPIO/gpio.o
                0x0000000000004bda                GPIO_setupPinDirection

.text.GPIO_writePin
                0x0000000000004cc0       0xe6
 .text.GPIO_writePin
                0x0000000000004cc0       0xe6 MCAL/GPIO/gpio.o
                0x0000000000004cc0                GPIO_writePin

.text           0x0000000000004da6       0xde
 .text          0x0000000000004da6       0xde c:/program files/microchip/xc8/v2.36/avr/bin/../lib/gcc/avr/5.4.0/../../../../avr/lib/avr5/memx-const\libm.a(divsf3x.o)
                0x0000000000004da6                __divsf3x
                0x0000000000004dce                __divsf3_pse

.text           0x0000000000004e84       0xd4
 .text          0x0000000000004e84       0xd4 c:/program files/microchip/xc8/v2.36/avr/bin/../lib/gcc/avr/5.4.0/../../../../avr/lib/avr5/memx-const\libm.a(mulsf3x.o)
                0x0000000000004e84                __mulsf3x
                0x0000000000004eaa                __mulsf3_pse

.text           0x0000000000004f58       0xce
 .text          0x0000000000004f58       0xce c:/program files/microchip/xc8/v2.36/avr/bin/../lib/gcc/avr/5.4.0/../../../../avr/lib/avr5/memx-const\libm.a(addsf3x.o)
                0x0000000000004f58                __addsf3x

.text.scalbnf   0x0000000000005026       0xb2
 .text.scalbnf  0x0000000000005026       0xb2 c:/program files/microchip/xc8/v2.36/avr/bin/../lib/gcc/avr/5.4.0/../../../../avr/lib/avr5/memx-const\libm.a(scalbnf.o)
                0x0000000000005026                scalbnf

.text.displayTimeOn7Segment
                0x00000000000050d8       0x98
 .text.displayTimeOn7Segment
                0x00000000000050d8       0x98 HAL/7SEG/7seg.o
                0x00000000000050d8                displayTimeOn7Segment

.text.GPIO_readPin
                0x0000000000005170       0x8c
 .text.GPIO_readPin
                0x0000000000005170       0x8c MCAL/GPIO/gpio.o
                0x0000000000005170                GPIO_readPin

.text.RTC_Calendar_Write
                0x00000000000051fc       0x7e
 .text.RTC_Calendar_Write
                0x00000000000051fc       0x7e HAL/RTC/rtc.o
                0x00000000000051fc                RTC_Calendar_Write

.text.RTC_Read_Calendar
                0x000000000000527a       0x7a
 .text.RTC_Read_Calendar
                0x000000000000527a       0x7a HAL/RTC/rtc.o
                0x000000000000527a                RTC_Read_Calendar

.text           0x00000000000052f4       0x7a
 .text          0x00000000000052f4       0x7a c:/program files/microchip/xc8/v2.36/avr/bin/../lib/gcc/avr/5.4.0/../../../../avr/lib/avr5/memx-const\libm.a(floatsisf.o)
                0x00000000000052f4                __floatunsisf
                0x00000000000052f8                __floatsisf

.text.ADC_init  0x000000000000536e       0x78
 .text.ADC_init
                0x000000000000536e       0x78 MCAL/ADC/adc.o
                0x000000000000536e                ADC_init

.text.calcPrayerHrMin
                0x00000000000053e6       0x72
 .text.calcPrayerHrMin
                0x00000000000053e6       0x72 LIB/prayerTimes.o
                0x00000000000053e6                calcPrayerHrMin

.text.GPIO_togglePin
                0x0000000000005458       0x70
 .text.GPIO_togglePin
                0x0000000000005458       0x70 MCAL/GPIO/gpio.o
                0x0000000000005458                GPIO_togglePin

.text.calcDuhurTime
                0x00000000000054c8       0x6e
 .text.calcDuhurTime
                0x00000000000054c8       0x6e LIB/prayerTimes.o
                0x00000000000054c8                calcDuhurTime

.text.settingsButtons_getState
                0x0000000000005536       0x66
 .text.settingsButtons_getState
                0x0000000000005536       0x66 HAL/SETTINGS_BUTTONS/settings_buttons.o
                0x0000000000005536                settingsButtons_getState

.text.RTC_Read_Clock
                0x000000000000559c       0x5e
 .text.RTC_Read_Clock
                0x000000000000559c       0x5e HAL/RTC/rtc.o
                0x000000000000559c                RTC_Read_Clock

.text           0x00000000000055fa       0x5e
 .text          0x00000000000055fa       0x5e c:/program files/microchip/xc8/v2.36/avr/bin/../lib/gcc/avr/5.4.0/../../../../avr/lib/avr5/memx-const\libm.a(fixunssfsi.o)
                0x00000000000055fa                __fixunssfsi

.text.displayCountryCodeOn7Segment
                0x0000000000005658       0x4e
 .text.displayCountryCodeOn7Segment
                0x0000000000005658       0x4e HAL/7SEG/7seg.o
                0x0000000000005658                displayCountryCodeOn7Segment

.text.displayTemperatureOn7Segment
                0x00000000000056a6       0x4e
 .text.displayTemperatureOn7Segment
                0x00000000000056a6       0x4e HAL/7SEG/7seg.o
                0x00000000000056a6                displayTemperatureOn7Segment

.text           0x00000000000056f4       0x48
 .text          0x00000000000056f4       0x48 c:/program files/microchip/xc8/v2.36/avr/bin/../lib/gcc/avr/5.4.0/../../../../avr/lib/avr5/memx-const\libm.a(fp_cmp.o)
                0x00000000000056f4                __fp_cmp

.text.LM35_getTemperature
                0x000000000000573c       0x44
 .text.LM35_getTemperature
                0x000000000000573c       0x44 HAL/LM35/lm35_sensor.o
                0x000000000000573c                LM35_getTemperature

.text           0x0000000000005780       0x44
 .text          0x0000000000005780       0x44 c:/program files/microchip/xc8/v2.36/avr/bin/../lib/gcc/avr/5.4.0/../../../../avr/lib/avr5/memx-const\libm.a(fp_split3.o)
                0x0000000000005780                __fp_split3
                0x0000000000005790                __fp_splitA

.text.RTC_Clock_Write
                0x00000000000057c4       0x42
 .text.RTC_Clock_Write
                0x00000000000057c4       0x42 HAL/RTC/rtc.o
                0x00000000000057c4                RTC_Clock_Write

.text.I2C_start
                0x0000000000005806       0x3a
 .text.I2C_start
                0x0000000000005806       0x3a MCAL/I2C/i2c.o
                0x0000000000005806                I2C_start

.text.I2C_repeatedStart
                0x0000000000005840       0x3a
 .text.I2C_repeatedStart
                0x0000000000005840       0x3a MCAL/I2C/i2c.o
                0x0000000000005840                I2C_repeatedStart

.text.SEVENSEG_init
                0x000000000000587a       0x38
 .text.SEVENSEG_init
                0x000000000000587a       0x38 HAL/7SEG/7seg.o
                0x000000000000587a                SEVENSEG_init

.text.libgcc.prologue
                0x00000000000058b2       0x38
 .text.libgcc.prologue
                0x00000000000058b2       0x38 c:/program files/microchip/xc8/v2.36/avr/bin/../lib/gcc/avr/5.4.0/avr5/memx-const\libgcc.a(_prologue.o)
                0x00000000000058b2                __prologue_saves__

.text.libgcc.prologue
                0x00000000000058ea       0x36
 .text.libgcc.prologue
                0x00000000000058ea       0x36 c:/program files/microchip/xc8/v2.36/avr/bin/../lib/gcc/avr/5.4.0/avr5/memx-const\libgcc.a(_epilogue.o)
                0x00000000000058ea                __epilogue_restores__

.text.settingsButtons_init
                0x0000000000005920       0x34
 .text.settingsButtons_init
                0x0000000000005920       0x34 HAL/SETTINGS_BUTTONS/settings_buttons.o
                0x0000000000005920                settingsButtons_init

.text.I2C_init  0x0000000000005954       0x2c
 .text.I2C_init
                0x0000000000005954       0x2c MCAL/I2C/i2c.o
                0x0000000000005954                I2C_init

.text.RTC_init  0x0000000000005980       0x28
 .text.RTC_init
                0x0000000000005980       0x28 HAL/RTC/rtc.o
                0x0000000000005980                RTC_init

.text.libgcc.div
                0x00000000000059a8       0x28
 .text.libgcc.div
                0x00000000000059a8       0x28 c:/program files/microchip/xc8/v2.36/avr/bin/../lib/gcc/avr/5.4.0/avr5/memx-const\libgcc.a(_divmodhi4.o)
                0x00000000000059a8                _div
                0x00000000000059a8                __divmodhi4

.text.libgcc.div
                0x00000000000059d0       0x28
 .text.libgcc.div
                0x00000000000059d0       0x28 c:/program files/microchip/xc8/v2.36/avr/bin/../lib/gcc/avr/5.4.0/avr5/memx-const\libgcc.a(_udivmodhi4.o)
                0x00000000000059d0                __udivmodhi4

.text.Dicmal_toBCD
                0x00000000000059f8       0x26
 .text.Dicmal_toBCD
                0x00000000000059f8       0x26 HAL/RTC/rtc.o
                0x00000000000059f8                Dicmal_toBCD

.text.GPIO_setupPortDirection
                0x0000000000005a1e       0x24
 .text.GPIO_setupPortDirection
                0x0000000000005a1e       0x24 MCAL/GPIO/gpio.o
                0x0000000000005a1e                GPIO_setupPortDirection

.text.GPIO_writePort
                0x0000000000005a42       0x24
 .text.GPIO_writePort
                0x0000000000005a42       0x24 MCAL/GPIO/gpio.o
                0x0000000000005a42                GPIO_writePort

.text.I2C_writeByte
                0x0000000000005a66       0x24
 .text.I2C_writeByte
                0x0000000000005a66       0x24 MCAL/I2C/i2c.o
                0x0000000000005a66                I2C_writeByte

.text.avrlibc   0x0000000000005a8a       0x24
 .text.avrlibc  0x0000000000005a8a       0x24 C:/Program Files (x86)/Atmel/Studio/7.0/Packs/atmel/ATmega_DFP/1.7.374/xc8/avr/lib/avr5/memx-const\libatmega32.a(eerd_block.o)
                0x0000000000005a8a                eeprom_read_block
                0x0000000000005a92                eeprom_read_blraw

.text           0x0000000000005aae       0x22
 .text          0x0000000000005aae       0x22 c:/program files/microchip/xc8/v2.36/avr/bin/../lib/gcc/avr/5.4.0/../../../../avr/lib/avr5/memx-const\libm.a(fp_round.o)
                0x0000000000005aae                __fp_round

.text.weekDayLed_init
                0x0000000000005ad0       0x20
 .text.weekDayLed_init
                0x0000000000005ad0       0x20 HAL/weekDayLEDS/weekDayLEDs.o
                0x0000000000005ad0                weekDayLed_init

.text.ADC_readChannel
                0x0000000000005af0       0x20
 .text.ADC_readChannel
                0x0000000000005af0       0x20 MCAL/ADC/adc.o
                0x0000000000005af0                ADC_readChannel

.text.libgcc.mul
                0x0000000000005b10       0x1e
 .text.libgcc.mul
                0x0000000000005b10       0x1e c:/program files/microchip/xc8/v2.36/avr/bin/../lib/gcc/avr/5.4.0/avr5/memx-const\libgcc.a(_umulhisi3.o)
                0x0000000000005b10                __umulhisi3

.text.BCD_toDicmal
                0x0000000000005b2e       0x1a
 .text.BCD_toDicmal
                0x0000000000005b2e       0x1a HAL/RTC/rtc.o
                0x0000000000005b2e                BCD_toDicmal

.text.libgcc    0x0000000000005b48       0x18
 .text.libgcc   0x0000000000005b48       0x18 c:/program files/microchip/xc8/v2.36/avr/bin/../lib/gcc/avr/5.4.0/avr5/memx-const\libgcc.a(_xload_4.o)
                0x0000000000005b48                __xload_4

.text.BUZZER_init
                0x0000000000005b60       0x16
 .text.BUZZER_init
                0x0000000000005b60       0x16 HAL/BUZZER/buzzer.o
                0x0000000000005b60                BUZZER_init

.text.libgcc.mul
                0x0000000000005b76       0x16
 .text.libgcc.mul
                0x0000000000005b76       0x16 c:/program files/microchip/xc8/v2.36/avr/bin/../lib/gcc/avr/5.4.0/avr5/memx-const\libgcc.a(_muluhisi3.o)
                0x0000000000005b76                __muluhisi3

.text.exit      0x0000000000005b8c       0x16
 .text.exit     0x0000000000005b8c       0x16 c:/program files/microchip/xc8/v2.36/avr/bin/../lib/gcc/avr/5.4.0/../../../../avr/lib/avr5/memx-const\libc.a(exit.o)
                0x0000000000005b8c                exit

.text.libgcc.mul
                0x0000000000005ba2       0x10
 .text.libgcc.mul
                0x0000000000005ba2       0x10 c:/program files/microchip/xc8/v2.36/avr/bin/../lib/gcc/avr/5.4.0/avr5/memx-const\libgcc.a(_mulshisi3.o)
                0x0000000000005ba2                __mulshisi3
                0x0000000000005ba8                __mulohisi3

.text.libgcc    0x0000000000005bb2       0x10
 .text.libgcc   0x0000000000005bb2       0x10 c:/program files/microchip/xc8/v2.36/avr/bin/../lib/gcc/avr/5.4.0/avr5/memx-const\libgcc.a(_xload_2.o)
                0x0000000000005bb2                __xload_2

.text.I2C_readByteWithACK
                0x0000000000005bc2        0xe
 .text.I2C_readByteWithACK
                0x0000000000005bc2        0xe MCAL/I2C/i2c.o
                0x0000000000005bc2                I2C_readByteWithACK

.text.I2C_readByteWithNACK
                0x0000000000005bd0        0xe
 .text.I2C_readByteWithNACK
                0x0000000000005bd0        0xe MCAL/I2C/i2c.o
                0x0000000000005bd0                I2C_readByteWithNACK

.text           0x0000000000005bde        0xe
 .text          0x0000000000005bde        0xe c:/program files/microchip/xc8/v2.36/avr/bin/../lib/gcc/avr/5.4.0/../../../../avr/lib/avr5/memx-const\libm.a(addsf3.o)
                0x0000000000005bde                __subsf3
                0x0000000000005be0                __addsf3

.text           0x0000000000005bec        0xe
 .text          0x0000000000005bec        0xe c:/program files/microchip/xc8/v2.36/avr/bin/../lib/gcc/avr/5.4.0/../../../../avr/lib/avr5/memx-const\libm.a(fixsfsi.o)
                0x0000000000005bec                __fixsfsi

.text           0x0000000000005bfa        0xe
 .text          0x0000000000005bfa        0xe c:/program files/microchip/xc8/v2.36/avr/bin/../lib/gcc/avr/5.4.0/../../../../avr/lib/avr5/memx-const\libm.a(fp_pscA.o)
                0x0000000000005bfa                __fp_pscA

.text           0x0000000000005c08        0xe
 .text          0x0000000000005c08        0xe c:/program files/microchip/xc8/v2.36/avr/bin/../lib/gcc/avr/5.4.0/../../../../avr/lib/avr5/memx-const\libm.a(fp_pscB.o)
                0x0000000000005c08                __fp_pscB

.text           0x0000000000005c16        0xe
 .text          0x0000000000005c16        0xe c:/program files/microchip/xc8/v2.36/avr/bin/../lib/gcc/avr/5.4.0/../../../../avr/lib/avr5/memx-const\libm.a(fp_zero.o)
                0x0000000000005c16                __fp_zero
                0x0000000000005c18                __fp_szero

.text.avrlibc   0x0000000000005c24        0xe
 .text.avrlibc  0x0000000000005c24        0xe C:/Program Files (x86)/Atmel/Studio/7.0/Packs/atmel/ATmega_DFP/1.7.374/xc8/avr/lib/avr5/memx-const\libatmega32.a(eerd_dword.o)
                0x0000000000005c24                eeprom_read_float
                0x0000000000005c24                eeprom_read_dword

.text.I2C_stop  0x0000000000005c32        0xc
 .text.I2C_stop
                0x0000000000005c32        0xc MCAL/I2C/i2c.o
                0x0000000000005c32                I2C_stop

.text           0x0000000000005c3e        0xc
 .text          0x0000000000005c3e        0xc c:/program files/microchip/xc8/v2.36/avr/bin/../lib/gcc/avr/5.4.0/../../../../avr/lib/avr5/memx-const\libm.a(fp_inf.o)
                0x0000000000005c3e                __fp_inf

.text.libgcc    0x0000000000005c4a        0xc
 .text.libgcc   0x0000000000005c4a        0xc c:/program files/microchip/xc8/v2.36/avr/bin/../lib/gcc/avr/5.4.0/avr5/memx-const\libgcc.a(_tablejump2.o)
                0x0000000000005c4a                __tablejump2__

.text.BUZZER_toggle
                0x0000000000005c56        0xa
 .text.BUZZER_toggle
                0x0000000000005c56        0xa HAL/BUZZER/buzzer.o
                0x0000000000005c56                BUZZER_toggle

.text           0x0000000000005c60        0xa
 .text          0x0000000000005c60        0xa c:/program files/microchip/xc8/v2.36/avr/bin/../lib/gcc/avr/5.4.0/../../../../avr/lib/avr5/memx-const\libm.a(gesf2.o)
                0x0000000000005c60                __gesf2
                0x0000000000005c60                __gtsf2

.text           0x0000000000005c6a        0xa
 .text          0x0000000000005c6a        0xa c:/program files/microchip/xc8/v2.36/avr/bin/../lib/gcc/avr/5.4.0/../../../../avr/lib/avr5/memx-const\libm.a(cmpsf2.o)
                0x0000000000005c6a                __nesf2
                0x0000000000005c6a                __eqsf2
                0x0000000000005c6a                __cmpsf2
                0x0000000000005c6a                __ltsf2
                0x0000000000005c6a                __lesf2

.text           0x0000000000005c74        0x8
 .text          0x0000000000005c74        0x8 c:/program files/microchip/xc8/v2.36/avr/bin/../lib/gcc/avr/5.4.0/../../../../avr/lib/avr5/memx-const\libm.a(divsf3.o)
                0x0000000000005c74                __divsf3

.text           0x0000000000005c7c        0x8
 .text          0x0000000000005c7c        0x8 c:/program files/microchip/xc8/v2.36/avr/bin/../lib/gcc/avr/5.4.0/../../../../avr/lib/avr5/memx-const\libm.a(mulsf3.o)
                0x0000000000005c7c                __mulsf3

.text           0x0000000000005c84        0x6
 .text          0x0000000000005c84        0x6 c:/program files/microchip/xc8/v2.36/avr/bin/../lib/gcc/avr/5.4.0/../../../../avr/lib/avr5/memx-const\libm.a(fp_nan.o)
                0x0000000000005c84                __fp_nan

.text           0x0000000000005c8a        0x4
 .text          0x0000000000005c8a        0x4 C:/Program Files (x86)/Atmel/Studio/7.0/Packs/atmel/ATmega_DFP/1.7.374/xc8/avr/lib/avr5/memx-const/crtatmega32.o
                0x0000000000005c8a                __vector_1
                0x0000000000005c8a                __vector_12
                0x0000000000005c8a                __bad_interrupt
                0x0000000000005c8a                __vector_6
                0x0000000000005c8a                __vector_3
                0x0000000000005c8a                __vector_11
                0x0000000000005c8a                __vector_13
                0x0000000000005c8a                __vector_17
                0x0000000000005c8a                __vector_19
                0x0000000000005c8a                __vector_7
                0x0000000000005c8a                __vector_5
                0x0000000000005c8a                __vector_4
                0x0000000000005c8a                __vector_9
                0x0000000000005c8a                __vector_2
                0x0000000000005c8a                __vector_15
                0x0000000000005c8a                __vector_8
                0x0000000000005c8a                __vector_14
                0x0000000000005c8a                __vector_10
                0x0000000000005c8a                __vector_16
                0x0000000000005c8a                __vector_18
                0x0000000000005c8a                __vector_20

.text.fabsf     0x0000000000005c8e        0x4
 .text.fabsf    0x0000000000005c8e        0x4 c:/program files/microchip/xc8/v2.36/avr/bin/../lib/gcc/avr/5.4.0/../../../../avr/lib/avr5/memx-const\libm.a(fabsf.o)
                0x0000000000005c8e                fabsf

.text._Exit     0x0000000000005c92        0x4
 .text._Exit    0x0000000000005c92        0x4 c:/program files/microchip/xc8/v2.36/avr/bin/../lib/gcc/avr/5.4.0/../../../../avr/lib/avr5/memx-const\libc.a(_Exit.o)
                0x0000000000005c92                _Exit

.text.__dummy_fini
                0x0000000000005c96        0x2
 .text.__dummy_fini
                0x0000000000005c96        0x2 c:/program files/microchip/xc8/v2.36/avr/bin/../lib/gcc/avr/5.4.0/../../../../avr/lib/avr5/memx-const\libc.a(exit.o)
                0x0000000000005c96                _fini

.text.__dummy_funcs_on_exit
                0x0000000000005c98        0x2
 .text.__dummy_funcs_on_exit
                0x0000000000005c98        0x2 c:/program files/microchip/xc8/v2.36/avr/bin/../lib/gcc/avr/5.4.0/../../../../avr/lib/avr5/memx-const\libc.a(exit.o)
                0x0000000000005c98                __funcs_on_exit

.text.__dummy_simulator_exit
                0x0000000000005c9a        0x2
 .text.__dummy_simulator_exit
                0x0000000000005c9a        0x2 c:/program files/microchip/xc8/v2.36/avr/bin/../lib/gcc/avr/5.4.0/../../../../avr/lib/avr5/memx-const\libc.a(exit.o)
                0x0000000000005c9a                __simulator_exit
